asking 351 passage(s) at threshold 0.85 as jev:jev-1.13.0/tax-7/q-b2171346
(node:7377) [MODULE_TYPELESS_PACKAGE_JSON] Warning: Module type of file:///home/user/know-your-vote/scripts/candidate-policy-noul.ts is not specified and it doesn't parse as CommonJS.
Reparsing as ES module because module syntax was detected. This incurs a performance overhead.
To eliminate this warning, add "type": "module" to /home/user/know-your-vote/package.json.
(Use `node --trace-warnings ...` to show where the warning was created)
  20/351
  40/351
  60/351
  80/351
  100/351
  120/351
  140/351
  160/351
  180/351
  200/351
  220/351
  240/351
  260/351
  280/351
  300/351
  320/351
  340/351

done: 351 asked, 156 state a policy, 77 state a policy the taxonomy has no question for, 195 state no policy, 0 failed
tokens: 1230640 in, 160758 out
run -> docs/general-election/brief-runs/FL-GOV/FL-DOE-84076/reingest-2026-09-29/run.json
