(node:6966) [MODULE_TYPELESS_PACKAGE_JSON] Warning: Module type of file:///home/user/know-your-vote/scripts/candidate-site-ingest.ts is not specified and it doesn't parse as CommonJS.
Reparsing as ES module because module syntax was detected. This incurs a performance overhead.
To eliminate this warning, add "type": "module" to /home/user/know-your-vote/package.json.
(Use `node --trace-warnings ...` to show where the warning was created)
  robots.txt read in the browser (plain fetch got a bot challenge, HTTP 202)
site: https://scottjewett.com/
  bot challenge (HTTP 202), retrying in the browser: https://scottjewett.com/
  asking Jev about 14 link(s) as jev:jev-1.13.0/links/q-e03cabd0
  67 links, 4 policy page(s) selected (cap 8), about page: https://scottjewett.com/meet-scott
  bot challenge (HTTP 202), retrying in the browser: https://scottjewett.com/policies
   80 passage(s)  https://scottjewett.com/policies
  bot challenge (HTTP 202), retrying in the browser: https://scottjewett.com/the-issues
  205 passage(s)  https://scottjewett.com/the-issues
  bot challenge (HTTP 202), retrying in the browser: https://scottjewett.com/platform
    0 passage(s)  https://scottjewett.com/platform
  bot challenge (HTTP 202), retrying in the browser: https://scottjewett.com/our-mission
   23 passage(s)  https://scottjewett.com/our-mission
  bot challenge (HTTP 202), retrying in the browser: https://scottjewett.com/meet-scott
   26 passage(s)  https://scottjewett.com/meet-scott
  6 page(s) fetched in the browser

351 passage(s) -> docs/general-election/brief-runs/FL-GOV/FL-DOE-84076/reingest-2026-09-29/passages.jsonl
